[    0.000000] Linux version 4.15.0-212-generic (buildd@lcy02-amd64-083) (gcc version 7.5.0 (Ubuntu 7.5.0-3ubuntu1~18.04)) #223-Ubuntu SMP Tue May 23 13:09:22 UTC 2023 (Ubuntu 4.15.0-212.223-generic 4.15.18)
[    0.000000] Command line: BOOT_IMAGE=/boot/vmlinuz-4.15.0-212-generic root=LABEL=cloudimg-rootfs ro console=tty1 console=ttyS0
[    0.000000] KERNEL supported cpus:
[    0.000000]   Intel GenuineIntel
[    0.000000]   AMD AuthenticAMD
[    0.000000]   Centaur CentaurHauls
[    0.000000] x86/fpu: x87 FPU will use FXSAVE
[    0.000000] e820: BIOS-provided physical RAM map:
[    0.000000] BIOS-e820: [mem 0x0000000000000000-0x000000000009fbff] usable
[    0.000000] BIOS-e820: [mem 0x000000000009fc00-0x000000000009ffff] reserved
[    0.000000] BIOS-e820: [mem 0x00000000000f0000-0x00000000000fffff] reserved
[    0.000000] BIOS-e820: [mem 0x0000000000100000-0x000000003ffeffff] usable
[    0.000000] BIOS-e820: [mem 0x000000003fff0000-0x000000003fffffff] ACPI data
[    0.000000] BIOS-e820: [mem 0x00000000fec00000-0x00000000fec00fff] reserved
[    0.000000] BIOS-e820: [mem 0x00000000fee00000-0x00000000fee00fff] reserved
[    0.000000] BIOS-e820: [mem 0x00000000fffc0000-0x00000000ffffffff] reserved
[    0.000000] NX (Execute Disable) protection: active
[    0.000000] SMBIOS 2.5 present.
[    0.000000] DMI: innotek GmbH VirtualBox/VirtualBox, BIOS VirtualBox 12/01/2006
[    0.000000] Hypervisor detected: KVM
[    0.000000] e820: last_pfn = 0x3fff0 max_arch_pfn = 0x400000000
[    0.000000] MTRR: Disabled
[    0.000000] x86/PAT: MTRRs disabled, skipping PAT initialization too.
[    0.000000] CPU MTRRs all blank - virtualized system.
[    0.000000] x86/PAT: Configuration [0-7]: WB  WT  UC- UC  WB  WT  UC- UC  
[    0.000000] found SMP MP-table at [mem 0x0009fff0-0x0009ffff]
[    0.000000] Scanning 1 areas for low memory corruption
[    0.000000] RAMDISK: [mem 0x359cb000-0x36cdcfff]
[    0.000000] ACPI: Early table checksum verification disabled
[    0.000000] ACPI: RSDP 0x00000000000E0000 000024 (v02 VBOX  )
[    0.000000] ACPI: XSDT 0x000000003FFF0030 00003C (v01 VBOX   VBOXXSDT 00000001 ASL  00000061)
[    0.000000] ACPI: FACP 0x000000003FFF00F0 0000F4 (v04 VBOX   VBOXFACP 00000001 ASL  00000061)
[    0.000000] ACPI: DSDT 0x000000003FFF0610 002353 (v02 VBOX   VBOXBIOS 00000002 INTL 20100528)
[    0.000000] ACPI: FACS 0x000000003FFF0200 000040
[    0.000000] ACPI: FACS 0x000000003FFF0200 000040
[    0.000000] ACPI: APIC 0x000000003FFF0240 00005C (v02 VBOX   VBOXAPIC 00000001 ASL  00000061)
[    0.000000] ACPI: SSDT 0x000000003FFF02A0 00036C (v01 VBOX   VBOXCPUT 00000002 INTL 20100528)
[    0.000000] ACPI: Reserving FACP table memory at [mem 0x3fff00f0-0x3fff01e3]
[    0.000000] ACPI: Reserving DSDT table memory at [mem 0x3fff0610-0x3fff2962]
[    0.000000] ACPI: Reserving FACS table memory at [mem 0x3fff0200-0x3fff023f]
[    0.000000] ACPI: Reserving FACS table memory at [mem 0x3fff0200-0x3fff023f]
[    0.000000] ACPI: Reserving APIC table memory at [mem 0x3fff0240-0x3fff029b]
[    0.000000] ACPI: Reserving SSDT table memory at [mem 0x3fff02a0-0x3fff060b]
[    0.000000] No NUMA configuration found
[    0.000000] Faking a node at [mem 0x0000000000000000-0x000000003ffeffff]
[    0.000000] NODE_DATA(0) allocated [mem 0x3ffc5000-0x3ffeffff]
[    0.000000] kvm-clock: cpu 0, msr 0:3ff44001, primary cpu clock
[    0.000000] kvm-clock: Using msrs 4b564d01 and 4b564d00
[    0.000000] kvm-clock: using sched offset of 3583582901 cycles
[    0.000000] clocksource: kvm-clock: mask: 0xffffffffffffffff max_cycles: 0x1cd42e4dffb, max_idle_ns: 881590591483 ns
[    0.000000] Zone ranges:
[    0.000000]   DMA      [mem 0x0000000000001000-0x0000000000ffffff]
[    0.000000]   DMA32    [mem 0x0000000001000000-0x000000003ffeffff]
[    0.000000]   Normal   empty
[    0.000000]   Device   empty
[    0.000000] Movable zone start for each node
[    0.000000] Early memory node ranges
[    0.000000]   node   0: [mem 0x0000000000001000-0x000000000009efff]
[    0.000000]   node   0: [mem 0x0000000000100000-0x000000003ffeffff]
[    0.000000] Reserved but unavailable: 104 pages
[    0.000000] Initmem setup node 0 [mem 0x0000000000001000-0x000000003ffeffff]
[    0.000000] ACPI: PM-Timer IO Port: 0x4008
[    0.000000] IOAPIC[0]: apic_id 2, version 32, address 0xfec00000, GSI 0-23
[    0.000000] ACPI: INT_SRC_OVR (bus 0 bus_irq 0 global_irq 2 dfl dfl)
[    0.000000] ACPI: INT_SRC_OVR (bus 0 bus_irq 9 global_irq 9 low level)
[    0.000000] Using ACPI (MADT) for SMP configuration information
[    0.000000] smpboot: Allowing 2 CPUs, 0 hotplug CPUs
[    0.000000] PM: Registered nosave memory: [mem 0x00000000-0x00000fff]
[    0.000000] PM: Registered nosave memory: [mem 0x0009f000-0x0009ffff]
[    0.000000] PM: Registered nosave memory: [mem 0x000a0000-0x000effff]
[    0.000000] PM: Registered nosave memory: [mem 0x000f0000-0x000fffff]
[    0.000000] e820: [mem 0x40000000-0xfebfffff] available for PCI devices
[    0.000000] Booting paravirtualized kernel on KVM
[    0.000000] clocksource: refined-jiffies: mask: 0xffffffff max_cycles: 0xffffffff, max_idle_ns: 7645519600211568 ns
[    0.000000] setup_percpu: NR_CPUS:8192 nr_cpumask_bits:2 nr_cpu_ids:2 nr_node_ids:1
[    0.000000] percpu: Embedded 50 pages/cpu s167936 r8192 d28672 u1048576
[    0.000000] PV qspinlock hash table entries: 256 (order: 0, 4096 bytes)
[    0.000000] Built 1 zonelists, mobility grouping on.  Total pages: 257913
[    0.000000] Policy zone: DMA32
[    0.000000] Kernel command line: BOOT_IMAGE=/boot/vmlinuz-4.15.0-212-generic root=LABEL=cloudimg-rootfs ro console=tty1 console=ttyS0
[    0.000000] Memory: 982644K/1048120K available (12300K kernel code, 2477K rwdata, 4324K rodata, 2480K init, 2720K bss, 65476K reserved, 0K cma-reserved)
[    0.000000] SLUB: HWalign=64, Order=0-3, MinObjects=0, CPUs=2, Nodes=1
[    0.000000] ftrace: allocating 39508 entries in 155 pages
[    0.004000] Hierarchical RCU implementation.
[    0.004000] 	RCU restricting CPUs from NR_CPUS=8192 to nr_cpu_ids=2.
[    0.004000] 	Tasks RCU enabled.
[    0.004000] RCU: Adjusting geometry for rcu_fanout_leaf=16, nr_cpu_ids=2
[    0.004000] NR_IRQS: 524544, nr_irqs: 440, preallocated irqs: 16
[    0.004000] random: crng init done
[    0.004000] Console: colour VGA+ 80x25
[    0.004000] console [tty1] enabled
[    0.004000] console [ttyS0] enabled
[    0.004000] ACPI: Core revision 20170831
[    0.004000] ACPI: 2 ACPI AML tables successfully acquired and loaded
[    0.004000] APIC: Switch to symmetric I/O mode setup
[    0.004000] ..TIMER: vector=0x30 apic1=0 pin1=2 apic2=-1 pin2=-1
[    0.004000] tsc: Detected 2419.198 MHz processor
[    0.004000] Calibrating delay loop (skipped) preset value.. 4838.39 BogoMIPS (lpj=9676792)
[    0.004007] pid_max: default: 32768 minimum: 301
[    0.008114] Security Framework initialized
[    0.012002] Yama: becoming mindful.
[    0.014624] AppArmor: AppArmor initialized
[    0.021387] Dentry cache hash table entries: 131072 (order: 8, 1048576 bytes)
[    0.028014] Inode-cache hash table entries: 65536 (order: 7, 524288 bytes)
[    0.032053] Mount-cache hash table entries: 2048 (order: 2, 16384 bytes)
[    0.036048] Mountpoint-cache hash table entries: 2048 (order: 2, 16384 bytes)
[    0.041625] Last level iTLB entries: 4KB 0, 2MB 0, 4MB 0
[    0.044002] Last level dTLB entries: 4KB 0, 2MB 0, 4MB 0, 1GB 0
[    0.048003] Spectre V1 : Mitigation: usercopy/swapgs barriers and __user pointer sanitization
[    0.052002] Spectre V2 : Mitigation: Enhanced IBRS
[    0.055001] Spectre V2 : Spectre v2 / SpectreRSB mitigation: Filling RSB on context switch
[    0.056001] Spectre V2 : Spectre v2 / PBRSB-eIBRS: Retire a single CALL on VMEXIT
[    0.060001] RETBleed: Mitigation: Enhanced IBRS
[    0.064001] Speculative Store Bypass: Vulnerable
[    0.067170] Freeing SMP alternatives memory: 36K
[    0.195386] APIC calibration not consistent with PM-Timer: 107ms instead of 100ms
[    0.196000] APIC delta adjusted to PM-Timer: 6449186 (6957513)
[    0.196283] smpboot: CPU0: 11th Gen Intel(R) Core(TM) i5-1135G7 @ 2.40GHz (family: 0x6, model: 0x8c, stepping: 0x1)
[    0.200342] Performance Events: unsupported p6 CPU model 140 no PMU driver, software events only.
[    0.204089] Hierarchical SRCU implementation.
[    0.208678] NMI watchdog: Perf event create on CPU 0 failed with -2
[    0.212001] NMI watchdog: Perf NMI watchdog permanently disabled
[    0.216257] smp: Bringing up secondary CPUs ...
[    0.220620] x86: Booting SMP configuration:
[    0.224002] .... node  #0, CPUs:      #1
[    0.004000] kvm-clock: cpu 1, msr 0:3ff44041, secondary cpu clock
[    0.234706] TSC synchronization [CPU#0 -> CPU#1]:
[    0.236000] Measured 72819 cycles TSC warp between CPUs, turning off TSC clock.
[    0.236000] tsc: Marking TSC unstable due to check_tsc_sync_source failed
[    0.240084] smp: Brought up 1 node, 2 CPUs
[    0.244004] smpboot: Max logical packages: 1
[    0.246604] smpboot: Total of 2 processors activated (9676.79 BogoMIPS)
[    0.252446] devtmpfs: initialized
[    0.254182] x86/mm: Memory block size: 128MB
[    0.256293] evm: security.selinux
[    0.258381] evm: security.SMACK64
[    0.260001] evm: security.SMACK64EXEC
[    0.262290] evm: security.SMACK64TRANSMUTE
[    0.264001] evm: security.SMACK64MMAP
[    0.266277] evm: security.apparmor
[    0.268001] evm: security.ima
[    0.269938] evm: security.capability
[    0.272324] clocksource: jiffies: mask: 0xffffffff max_cycles: 0xffffffff, max_idle_ns: 7645041785100000 ns
[    0.276007] futex hash table entries: 512 (order: 3, 32768 bytes)
[    0.280149] pinctrl core: initialized pinctrl subsystem
[    0.284442] RTC time:  9:19:11, date: 08/22/24
[    0.289127] NET: Registered protocol family 16
[    0.292086] audit: initializing netlink subsys (disabled)
[    0.296185] audit: type=2000 audit(1724318355.824:1): state=initialized audit_enabled=0 res=1
[    0.304009] cpuidle: using governor ladder
[    0.306547] cpuidle: using governor menu
[    0.308077] ACPI: bus type PCI registered
[    0.310562] acpiphp: ACPI Hot Plug PCI Controller Driver version: 0.5
[    0.312406] PCI: Using configuration type 1 for base access
[    0.320361] HugeTLB registered 2.00 MiB page size, pre-allocated 0 pages
[    0.328386] ACPI: Added _OSI(Module Device)
[    0.330847] ACPI: Added _OSI(Processor Device)
[    0.332007] ACPI: Added _OSI(3.0 _SCP Extensions)
[    0.336001] ACPI: Added _OSI(Processor Aggregator Device)
[    0.339252] ACPI: Added _OSI(Linux-Dell-Video)
[    0.340002] ACPI: Added _OSI(Linux-Lenovo-NV-HDMI-Audio)
[    0.343194] ACPI: Added _OSI(Linux-HPI-Hybrid-Graphics)
[    0.344645] ACPI: Executed 1 blocks of module-level executable AML code
[    0.353527] ACPI: Interpreter enabled
[    0.355816] ACPI: (supports S0 S5)
[    0.356002] ACPI: Using IOAPIC for interrupt routing
[    0.360280] PCI: Using host bridge windows from ACPI; if necessary, use "pci=nocrs" and report a bug
[    0.364206] ACPI: Enabled 2 GPEs in block 00 to 07
[    0.373045] ACPI: PCI Root Bridge [PCI0] (domain 0000 [bus 00-ff])
[    0.376007] acpi PNP0A03:00: _OSC: OS supports [ASPM ClockPM Segments MSI]
[    0.380574] acpi PNP0A03:00: _OSC: not requesting OS control; OS requires [ExtendedConfig ASPM ClockPM MSI]
[    0.384010] acpi PNP0A03:00: fail to add MMCONFIG information, can't access extended PCI configuration space under this bridge.
[    0.388536] PCI host bridge to bus 0000:00
[    0.391056] pci_bus 0000:00: root bus resource [io  0x0000-0x0cf7 window]
[    0.392002] pci_bus 0000:00: root bus resource [io  0x0d00-0xffff window]
[    0.396003] pci_bus 0000:00: root bus resource [mem 0x000a0000-0x000bffff window]
[    0.400004] pci_bus 0000:00: root bus resource [mem 0x40000000-0xfdffffff window]
[    0.404009] pci_bus 0000:00: root bus resource [bus 00-ff]
[    0.412000] pci 0000:00:01.1: legacy IDE quirk: reg 0x10: [io  0x01f0-0x01f7]
[    0.412003] pci 0000:00:01.1: legacy IDE quirk: reg 0x14: [io  0x03f6]
[    0.416003] pci 0000:00:01.1: legacy IDE quirk: reg 0x18: [io  0x0170-0x0177]
[    0.420002] pci 0000:00:01.1: legacy IDE quirk: reg 0x1c: [io  0x0376]
[    0.438582] pci 0000:00:07.0: quirk: [io  0x4000-0x403f] claimed by PIIX4 ACPI
[    0.440025] pci 0000:00:07.0: quirk: [io  0x4100-0x410f] claimed by PIIX4 SMB
[    0.448916] ACPI: PCI Interrupt Link [LNKA] (IRQs 5 9 10 *11)
[    0.452378] ACPI: PCI Interrupt Link [LNKB] (IRQs 5 9 *10 11)
[    0.456139] ACPI: PCI Interrupt Link [LNKC] (IRQs 5 *9 10 11)
[    0.459731] ACPI: PCI Interrupt Link [LNKD] (IRQs 5 9 10 *11)
[    0.460577] SCSI subsystem initialized
[    0.464149] pci 0000:00:02.0: vgaarb: setting as boot VGA device
[    0.468000] pci 0000:00:02.0: vgaarb: VGA device added: decodes=io+mem,owns=io+mem,locks=none
[    0.468007] pci 0000:00:02.0: vgaarb: bridge control possible
[    0.472002] vgaarb: loaded
[    0.476090] ACPI: bus type USB registered
[    0.479392] usbcore: registered new interface driver usbfs
[    0.480037] usbcore: registered new interface driver hub
[    0.484011] usbcore: registered new device driver usb
[    0.488219] EDAC MC: Ver: 3.0.0
[    0.492707] PCI: Using ACPI for IRQ routing
[    0.496579] NetLabel: Initializing
[    0.500002] NetLabel:  domain hash size = 128
[    0.504001] NetLabel:  protocols = UNLABELED CIPSOv4 CALIPSO
[    0.508016] NetLabel:  unlabeled traffic allowed by default
[    0.512195] clocksource: Switched to clocksource kvm-clock
[    0.520131] VFS: Disk quotas dquot_6.6.0
[    0.520131] VFS: Dquot-cache hash table entries: 512 (order 0, 4096 bytes)
[    0.520131] AppArmor: AppArmor Filesystem Enabled
[    0.520131] pnp: PnP ACPI init
[    0.520131] pnp: PnP ACPI: found 3 devices
[    0.596557] clocksource: acpi_pm: mask: 0xffffff max_cycles: 0xffffff, max_idle_ns: 2085701024 ns
[    0.600512] NET: Registered protocol family 2
[    0.600512] IP idents hash table entries: 16384 (order: 5, 131072 bytes)
[    0.600512] TCP established hash table entries: 8192 (order: 4, 65536 bytes)
[    0.614772] TCP bind hash table entries: 8192 (order: 5, 131072 bytes)
[    0.619065] TCP: Hash tables configured (established 8192 bind 8192)
[    0.622717] UDP hash table entries: 512 (order: 2, 16384 bytes)
[    0.622717] UDP-Lite hash table entries: 512 (order: 2, 16384 bytes)
[    0.622717] NET: Registered protocol family 1
[    0.622717] pci 0000:00:00.0: Limiting direct PCI/PCI transfers
[    0.622717] pci 0000:00:01.0: Activating ISA DMA hang workarounds
[    0.622717] pci 0000:00:02.0: Video device with shadowed ROM at [mem 0x000c0000-0x000dffff]
[    0.622717] Unpacking initramfs...
[    0.991882] Freeing initrd memory: 19528K
[    0.995498] clocksource: tsc: mask: 0xffffffffffffffff max_cycles: 0x22df0f35937, max_idle_ns: 440795269039 ns
[    1.001730] platform rtc_cmos: registered platform RTC device (no PNP device found)
[    1.005653] Scanning for low memory corruption every 60 seconds
[    1.011079] Initialise system trusted keyrings
[    1.013903] Key type blacklist registered
[    1.017171] workingset: timestamp_bits=36 max_order=18 bucket_order=0
[    1.022831] zbud: loaded
[    1.025567] squashfs: version 4.0 (2009/01/31) Phillip Lougher
[    1.030099] fuse init (API version 7.26)
[    1.049596] Key type asymmetric registered
[    1.052492] Asymmetric key parser 'x509' registered
[    1.055703] Block layer SCSI generic (bsg) driver version 0.4 loaded (major 246)
[    1.060882] io scheduler noop registered
[    1.063328] io scheduler deadline registered
[    1.066152] io scheduler cfq registered (default)
[    1.069860] ACPI: AC Adapter [AC] (off-line)
[    1.072489] input: Power Button as /devices/LNXSYSTM:00/LNXPWRBN:00/input/input0
[    1.077638] ACPI: Power Button [PWRF]
[    1.080224] input: Sleep Button as /devices/LNXSYSTM:00/LNXSLPBN:00/input/input1
[    1.084830] ACPI: Sleep Button [SLPF]
[    1.088528] Serial: 8250/16550 driver, 32 ports, IRQ sharing enabled
[    1.089070] ACPI: Battery Slot [BAT0] (battery present)
[    1.122102] 00:02: ttyS0 at I/O 0x3f8 (irq = 4, base_baud = 115200) is a 16550A
[    1.129967] Linux agpgart interface v0.103
[    1.137664] loop: module loaded
[    1.143378] scsi host0: ata_piix
[    1.147643] scsi host1: ata_piix
[    1.150452] ata1: PATA max UDMA/33 cmd 0x1f0 ctl 0x3f6 bmdma 0xd000 irq 14
[    1.155357] ata2: PATA max UDMA/33 cmd 0x170 ctl 0x376 bmdma 0xd008 irq 15
[    1.160725] tun: Universal TUN/TAP device driver, 1.6
[    1.165192] PPP generic driver version 2.4.2
[    1.169095] ehci_hcd: USB 2.0 'Enhanced' Host Controller (EHCI) Driver
[    1.173879] ehci-pci: EHCI PCI platform driver
[    1.177329] ehci-platform: EHCI generic platform driver
[    1.181140] ohci_hcd: USB 1.1 'Open' Host Controller (OHCI) Driver
[    1.185579] ohci-pci: OHCI PCI platform driver
[    1.189205] ohci-platform: OHCI generic platform driver
[    1.193079] uhci_hcd: USB Universal Host Controller Interface driver
[    1.197606] i8042: PNP: PS/2 Controller [PNP0303:PS2K,PNP0f03:PS2M] at 0x60,0x64 irq 1,12
[    1.206094] serio: i8042 KBD port at 0x60,0x64 irq 1
[    1.209641] serio: i8042 AUX port at 0x60,0x64 irq 12
[    1.213620] mousedev: PS/2 mouse device common for all mice
[    1.220431] input: AT Translated Set 2 keyboard as /devices/platform/i8042/serio0/input/input2
[    1.228001] rtc_cmos rtc_cmos: rtc core: registered rtc_cmos as rtc0
[    1.232630] rtc_cmos rtc_cmos: alarms up to one day, 114 bytes nvram
[    1.236882] i2c /dev entries driver
[    1.239293] device-mapper: uevent: version 1.0.3
[    1.243060] device-mapper: ioctl: 4.37.0-ioctl (2017-09-20) initialised: dm-devel@redhat.com
[    1.248867] ledtrig-cpu: registered to indicate activity on CPUs
[    1.254626] NET: Registered protocol family 10
[    1.266466] Segment Routing with IPv6
[    1.269159] NET: Registered protocol family 17
[    1.272631] Key type dns_resolver registered
[    1.276574] mce: Using 0 MCE banks
[    1.278957] RAS: Correctable Errors collector initialized.
[    1.282621] sched_clock: Marking stable (1282566712, 0)->(1858396647, -575829935)
[    1.293023] registered taskstats version 1
[    1.295583] Loading compiled-in X.509 certificates
[    1.303181] Loaded X.509 cert 'Build time autogenerated kernel key: b5b26778eaa3ab3a4a6cee031137706e947d12ad'
[    1.309583] Loaded X.509 cert 'Canonical Ltd. Live Patch Signing: 14df34d1a87cf37625abec039ef2bf521249b969'
[    1.316458] Loaded X.509 cert 'Canonical Ltd. Kernel Module Signing: 88f752e560a1e0737e31163a466ad7b70a850c19'
[    1.322738] blacklist: Loading compiled-in revocation X.509 certificates
[    1.327165] Loaded X.509 cert 'Canonical Ltd. Secure Boot Signing: 61482aa2830d0ab2ad5af10b7250da9033ddcef0'
[    1.333673] Loaded X.509 cert 'Canonical Ltd. Secure Boot Signing (2017): 242ade75ac4a15e50d50c84b0d45ff3eae707a03'
[    1.340607] Loaded X.509 cert 'Canonical Ltd. Secure Boot Signing (ESM 2018): 365188c1d374d6b07c3c8f240f8ef722433d6a8b'
[    1.347638] Loaded X.509 cert 'Canonical Ltd. Secure Boot Signing (2019): c0746fd6c5da3ae827864651ad66ae47fe24b3e8'
[    1.357200] Loaded X.509 cert 'Canonical Ltd. Secure Boot Signing (2021 v1): a8d54bbb3825cfb94fa13c9f8a594a195c107b8d'
[    1.364585] Loaded X.509 cert 'Canonical Ltd. Secure Boot Signing (2021 v2): 4cf046892d6fd3c9a5b03f98d845f90851dc6a8c'
[    1.372123] Loaded X.509 cert 'Canonical Ltd. Secure Boot Signing (2021 v3): 100437bb6de6e469b581e61cd66bce3ef4ed53af'
[    1.379707] Loaded X.509 cert 'Canonical Ltd. Secure Boot Signing (Ubuntu Core 2019): c1d57b8f6b743f23ee41f4f7ee292f06eecadfb9'
[    1.387584] zswap: loaded using pool lzo/zbud
[    1.400420] Key type big_key registered
[    1.403283] Key type trusted registered
[    1.409624] Key type encrypted registered
[    1.412842] AppArmor: AppArmor sha1 policy hashing enabled
[    1.416841] ima: No TPM chip found, activating TPM-bypass! (rc=-19)
[    1.421297] ima: Allocated hash algorithm: sha1
[    1.424758] evm: HMAC attrs: 0x1
[    1.427703]   Magic number: 4:889:323
[    1.430689] tty tty48: hash matches
[    1.433794] rtc_cmos rtc_cmos: setting system clock to 2024-08-22 09:19:12 UTC (1724318352)
[    1.439690] BIOS EDD facility v0.16 2004-Jun-25, 0 devices found
[    1.443773] EDD information not available.
[    1.449362] Freeing unused kernel image memory: 2480K
[    1.468361] Write protecting the kernel read-only data: 20480k
[    1.474448] Freeing unused kernel image memory: 2008K
[    1.479060] Freeing unused kernel image memory: 1820K
[    1.487417] x86/mm: Checked W+X mappings: passed, no W+X pages found.
Loading, please wait...
starting version 237
[    1.558107] e1000: Intel(R) PRO/1000 Network Driver - version 7.3.21-k8-NAPI
[    1.564341] e1000: Copyright (c) 1999-2006 Intel Corporation.
[    1.581786] Fusion MPT base driver 3.04.20
[    1.584867] Copyright (c) 1999-2008 LSI Corporation
[    1.599624] SSE version of gcm_enc/dec engaged.
[    1.615084] Fusion MPT SPI Host driver 3.04.20
[    1.821635] input: ImExPS/2 Generic Explorer Mouse as /devices/platform/i8042/serio1/input/input4
[    2.154020] e1000 0000:00:03.0 eth0: (PCI:33MHz:32-bit) 02:3b:7b:b7:3b:2d
[    2.159313] e1000 0000:00:03.0 eth0: Intel(R) PRO/1000 Network Connection
[    2.166294] e1000 0000:00:03.0 enp0s3: renamed from eth0
[    2.170231] mptbase: ioc0: Initiating bringup
[    2.286061] ioc0: LSI53C1030 A0: Capabilities={Initiator}
[    2.543158] scsi host2: ioc0: LSI53C1030 A0, FwRev=00000000h, Ports=1, MaxQ=256, IRQ=20
[    2.718803] scsi 2:0:0:0: Direct-Access     VBOX     HARDDISK         1.0  PQ: 0 ANSI: 5
[    3.002095] scsi target2:0:0: Beginning Domain Validation
[    3.011654] scsi target2:0:0: Domain Validation skipping write tests
[    3.016275] scsi target2:0:0: Ending Domain Validation
[    3.020137] scsi target2:0:0: asynchronous
[    3.024617] scsi 2:0:1:0: Direct-Access     VBOX     HARDDISK         1.0  PQ: 0 ANSI: 5
[    3.098992] scsi target2:0:1: Beginning Domain Validation
[    3.108728] scsi target2:0:1: Domain Validation skipping write tests
[    3.113599] scsi target2:0:1: Ending Domain Validation
[    3.117319] scsi target2:0:1: asynchronous
[    3.132547] sd 2:0:0:0: [sda] 83886080 512-byte logical blocks: (42.9 GB/40.0 GiB)
[    3.137792] sd 2:0:0:0: [sda] Write Protect is off
[    3.141491] sd 2:0:0:0: Attached scsi generic sg0 type 0
[    3.145635] sd 2:0:0:0: [sda] Incomplete mode parameter data
[    3.149275] sd 2:0:0:0: [sda] Assuming drive cache: write through
[    3.152860] sd 2:0:1:0: Attached scsi generic sg1 type 0
[    3.154088] sd 2:0:1:0: [sdb] 20480 512-byte logical blocks: (10.5 MB/10.0 MiB)
[    3.164644] sd 2:0:1:0: [sdb] Write Protect is off
[    3.168767] sd 2:0:1:0: [sdb] Incomplete mode parameter data
[    3.172406] sd 2:0:1:0: [sdb] Assuming drive cache: write through
[    3.177696]  sda: sda1
[    3.184383] sd 2:0:0:0: [sda] Attached SCSI disk
[    3.185245] sd 2:0:1:0: [sdb] Attached SCSI disk
Begin: Loading essential drivers ... [    5.895568] raid6: sse2x1   gen() 364778 MB/s
[    6.898420] raid6: sse2x1   xor() 244489 MB/s
[    7.897358] raid6: sse2x2   gen() 512507 MB/s
[    9.896253] raid6: sse2x2   xor() 338839 MB/s
[   10.899656] raid6: sse2x4   gen() 542483 MB/s
[   10.965846] raid6: sse2x4   xor() 15001 MB/s
[   10.969827] raid6: using algorithm sse2x4 gen() 542483 MB/s
[   10.973652] raid6: .... xor() 15001 MB/s, rmw enabled
[   10.977176] raid6: using ssse3x2 recovery algorithm
[   10.982151] xor: measuring software checksum speed
[   11.024608]    prefetch64-sse: 26114.000 MB/sec
[   11.068350]    generic_sse: 24153.000 MB/sec
[   11.071682] xor: using function: prefetch64-sse (26114.000 MB/sec)
[   11.077042] async_tx: api initialized (async)
done.
Begin: Running /scripts/init-premount ... done.
Begin: Mounting root file system ... Begin: Running /scripts/local-top ... done.
Begin: Running /scripts/local-premount ... [   11.136925] Btrfs loaded, crc32c=crc32c-intel
Scanning for Btrfs filesystems
done.
Warning: fsck not present, so skipping root file system
[   11.190064] EXT4-fs (sda1): mounted filesystem with ordered data mode. Opts: (null)
done.
Begin: Running /scripts/local-bottom ... done.
Begin: Running /scripts/init-bottom ... done.
[   11.380410] ip_tables: (C) 2000-2006 Netfilter Core Team
[   11.395607] systemd[1]: systemd 237 running in system mode. (+PAM +AUDIT +SELINUX +IMA +APPARMOR +SMACK +SYSVINIT +UTMP +LIBCRYPTSETUP +GCRYPT +GNUTLS +ACL +XZ +LZ4 +SECCOMP +BLKID +ELFUTILS +KMOD -IDN2 +IDN -PCRE2 default-hierarchy=hybrid)
[   11.409858] systemd[1]: Detected virtualization oracle.
[   11.413901] systemd[1]: Detected architecture x86-64.

Welcome to [1mUbuntu 18.04.6 LTS[0m!

[   11.441177] systemd[1]: Set hostname to <ubuntu>.
[   11.448922] systemd[1]: Initializing machine ID from random generator.
[   11.453598] systemd[1]: Installed transient /etc/machine-id file.
[   11.750877] systemd[1]: Created slice User and Session Slice.
[[0;32m  OK  [0m] Created slice User and Session Slice.
[   11.759019] systemd[1]: Set up automount Arbitrary Executable File Formats File System Automount Point.
[[0;32m  OK  [0m] Set up automount Arbitrary Executabâ€¦rmats File System Automount Point.
[   11.768408] systemd[1]: Reached target System Time Synchronized.
[[0;32m  OK  [0m] Reached target System Time Synchronized.
[   11.775359] systemd[1]: Reached target User and Group Name Lookups.
[[0;32m  OK  [0m] Reached target User and Group Name Lookups.
[[0;32m  OK  [0m] Reached target Swap.
[[0;32m  OK  [0m] Created slice System Slice.
[[0;32m  OK  [0m] Listening on fsck to fsckd communication Socket.
[[0;32m  OK  [0m] Listening on Journal Socket (/dev/log).
[[0;32m  OK  [0m] Listening on Journal Audit Socket.
[[0;32m  OK  [0m] Listening on /dev/initctl Compatibility Named Pipe.
[[0;32m  OK  [0m] Listening on udev Control Socket.
[[0;32m  OK  [0m] Listening on Device-mapper event daemon FIFOs.
[[0;32m  OK  [0m] Listening on udev Kernel Socket.
[[0;32m  OK  [0m] Listening on LVM2 metadata daemon socket.
[[0;32m  OK  [0m] Reached target Slices.
[[0;32m  OK  [0m] Reached target Mounting snaps.
[[0;32m  OK  [0m] Reached target Mounted snaps.
[[0;32m  OK  [0m] Listening on LVM2 poll daemon socket.
[[0;32m  OK  [0m] Listening on Network Service Netlink Socket.
[[0;32m  OK  [0m] Listening on Journal Socket.
         Starting Uncomplicated firewall...
         Starting Set the console keyboard layout...
         Mounting Huge Pages File System...
         Starting File System Check on Root Device...
         Mounting Kernel Debug File System...
         Mounting POSIX Message Queue File System...
         Starting udev Coldplug all Devices...
         Starting Create list of required stâ€¦ce nodes for the current kernel...
         Starting Monitoring of LVM2 mirrorsâ€¦ng dmeventd or progress polling...
[[0;32m  OK  [0m] Started Forward Password Requests to Wall Directory Watch.
[[0;32m  OK  [0m] Listening on Syslog Socket.
         Starting Journal Service...
         Starting Load Kernel Modules...
[[0;32m  OK  [0m] Created slice system-serial\x2dgetty.slice.
[[0;32m  OK  [0m] Started Uncomplicated firewall.
[[0;32m  OK  [0m] Mounted Huge Pages File System.
[[0;32m  OK  [0m] Mounted Kernel Debug File System.
[[0;32m  OK  [0m] Mounted POSIX Message Queue File System.
[[0;32m  OK  [0m] Started Create list of required staâ€¦vice nodes for the current kernel.
[[0;32m  OK  [0m] Started File System Check Daemon to report status.
[[0;32m  OK  [0m] Started LVM2 metadata daemon.
         Starting Create Static Device Nodes in /dev...
[[0;32m  OK  [0m] Started Journal Service.
[[0;32m  OK  [0m] Started udev Coldplug all Devices.
[[0;32m  OK  [0m] Started File System Check on Root Device.
         Starting Remount Root and Kernel File Systems...
[   11.991203] Loading iSCSI transport class v2.0-870.
[   12.002968] iscsi: registered transport (tcp)
[[0;32m  OK  [0m] Started Create Static Device Nodes in /dev.
[   12.073527] EXT4-fs (sda1): re-mounted. Opts: (null)
[[0;32m  OK  [0m] Started Remount Root and Kernel File Systems.
         Starting Load/Save Random Seed...
[   12.101036] iscsi: registered transport (iser)
         Starting udev Kernel Device Manager...
         Starting Flush Journal to Persistent Storage...
[[0;32m  OK  [0m] Started Monitoring of LVM2 mirrors,â€¦sing dmeventd or progress polling.
[[0;32m  OK  [0m] Started Load Kernel Modules.
         Starting Apply Kernel Variables...
         Mounting FUSE Control File System...
         Mounting Kernel Configuration File System...
[[0;32m  OK  [0m] Mounted FUSE Control File System.
[[0;32m  OK  [0m] Started Load/Save Random Seed.
[[0;32m  OK  [0m] Mounted Kernel Configuration File System.
[   12.158186] systemd-journald[419]: Received request to flush runtime journal from PID 1
[[0;32m  OK  [0m] Started udev Kernel Device Manager.
[[0;32m  OK  [0m] Started Apply Kernel Variables.
[[0;32m  OK  [0m] Started Flush Journal to Persistent Storage.
[[0;32m  OK  [0m] Found device /dev/ttyS0.
[[0;32m  OK  [0m] Listening on Load/Save RF Kill Switch Status /dev/rfkill Watch.
[[0;32m  OK  [0m] Started Set the console keyboard layout.
         Mounting Arbitrary Executable File Formats File System...
[[0;32m  OK  [0m] Started Dispatch Password Requests to Console Directory Watch.
[[0;32m  OK  [0m] Reached target Local Encrypted Volumes.
[[0;32m  OK  [0m] Reached target Local File Systems (Pre).
[[0;32m  OK  [0m] Reached target Local File Systems.
         Starting Commit a transient machine-id on disk...
         Starting Set console font and keymap...
         Starting Create Volatile Files and Directories...
         Starting ebtables ruleset management...
         Starting Tell Plymouth To Write Out Runtime Data...
         Starting AppArmor initialization...
[[0;32m  OK  [0m] Mounted Arbitrary Executable File Formats File System.
[[0;32m  OK  [0m] Started Tell Plymouth To Write Out Runtime Data.
[[0;32m  OK  [0m] Started Create Volatile Files and Directories.
         Starting Update UTMP about System Boot/Shutdown...
[[0;32m  OK  [0m] Started Update UTMP about System Boot/Shutdown.
[[0;32m  OK  [0m] Started Commit a transient machine-id on disk.
[[0;32m  OK  [0m] Started ebtables ruleset management.
[[0;32m  OK  [0m] Started AppArmor initialization.
         Starting Load AppArmor profiles managed internally by snapd...
         Starting Initial cloud-init job (pre-networking)...
[[0;32m  OK  [0m] Started Load AppArmor profiles managed internally by snapd.
[[0;32m  OK  [0m] Started Set console font and keymap.
[   15.242142] cloud-init[788]: Cloud-init v. 23.1.2-0ubuntu0~18.04.1 running 'init-local' at Thu, 22 Aug 2024 09:19:25 +0000. Up 14.92 seconds.
[[0;32m  OK  [0m] Started Initial cloud-init job (pre-networking).
[[0;32m  OK  [0m] Reached target Network (Pre).
         Starting Network Service...
[[0;32m  OK  [0m] Started Network Service.
         Starting Wait for Network to be Configured...
         Starting Network Name Resolution...
[[0;32m  OK  [0m] Started Network Name Resolution.
[[0;32m  OK  [0m] Reached target Host and Network Name Lookups.
[[0;32m  OK  [0m] Reached target Network.
[[0;32m  OK  [0m] Started Wait for Network to be Configured.
         Starting Initial cloud-init job (metadata service crawler)...
[   16.864611] cloud-init[920]: Cloud-init v. 23.1.2-0ubuntu0~18.04.1 running 'init' at Thu, 22 Aug 2024 09:19:27 +0000. Up 16.77 seconds.
[   16.868058] cloud-init[920]: ci-info: ++++++++++++++++++++++++++++++++++++++Net device info++++++++++++++++++++++++++++++++++++++
[   16.871059] cloud-init[920]: ci-info: +--------+------+----------------------------+---------------+--------+-------------------+
[   16.874018] cloud-init[920]: ci-info: | Device |  Up  |          Address           |      Mask     | Scope  |     Hw-Address    |
[   16.876965] cloud-init[920]: ci-info: +--------+------+----------------------------+---------------+--------+-------------------+
[   16.879858] cloud-init[920]: ci-info: | enp0s3 | True |         10.0.2.15          | 255.255.255.0 | global | 02:3b:7b:b7:3b:2d |
[   16.882808] cloud-init[920]: ci-info: | enp0s3 | True | fe80::3b:7bff:feb7:3b2d/64 |       .       |  link  | 02:3b:7b:b7:3b:2d |
[   16.885717] cloud-init[920]: ci-info: |   lo   | True |         127.0.0.1          |   255.0.0.0   |  host  |         .         |
[   16.888621] cloud-init[920]: ci-info: |   lo   | True |          ::1/128           |       .       |  host  |         .         |
[   16.891504] cloud-init[920]: ci-info: +--------+------+----------------------------+---------------+--------+-------------------+
[   16.894268] cloud-init[920]: ci-info: ++++++++++++++++++++++++++++Route IPv4 info+++++++++++++++++++++++++++++
[   16.896854] cloud-init[920]: ci-info: +-------+-------------+----------+-----------------+-----------+-------+
[   16.899323] cloud-init[920]: ci-info: | Route | Destination | Gateway  |     Genmask     | Interface | Flags |
[   16.901864] cloud-init[920]: ci-info: +-------+-------------+----------+-----------------+-----------+-------+
[   16.904451] cloud-init[920]: ci-info: |   0   |   0.0.0.0   | 10.0.2.2 |     0.0.0.0     |   enp0s3  |   UG  |
[   16.907021] cloud-init[920]: ci-info: |   1   |   10.0.2.0  | 0.0.0.0  |  255.255.255.0  |   enp0s3  |   U   |
[   16.909729] cloud-init[920]: ci-info: |   2   |   10.0.2.2  | 0.0.0.0  | 255.255.255.255 |   enp0s3  |   UH  |
[   16.912387] cloud-init[920]: ci-info: +-------+-------------+----------+-----------------+-----------+-------+
[   16.914996] cloud-init[920]: ci-info: +++++++++++++++++++Route IPv6 info+++++++++++++++++++
[   16.917615] cloud-init[920]: ci-info: +-------+-------------+---------+-----------+-------+
[   16.920326] cloud-init[920]: ci-info: | Route | Destination | Gateway | Interface | Flags |
[   16.922829] cloud-init[920]: ci-info: +-------+-------------+---------+-----------+-------+
[   16.925261] cloud-init[920]: ci-info: |   1   |  fe80::/64  |    ::   |   enp0s3  |   U   |
[   16.927432] cloud-init[920]: ci-info: |   3   |    local    |    ::   |   enp0s3  |   U   |
[   16.929610] cloud-init[920]: ci-info: |   4   |   ff00::/8  |    ::   |   enp0s3  |   U   |
[   16.931814] cloud-init[920]: ci-info: +-------+-------------+---------+-----------+-------+
[   17.699715] cloud-init[920]: Generating public/private rsa key pair.
[   17.701645] cloud-init[920]: Your identification has been saved in /etc/ssh/ssh_host_rsa_key.
[   17.703993] cloud-init[920]: Your public key has been saved in /etc/ssh/ssh_host_rsa_key.pub.
[   17.706750] cloud-init[920]: The key fingerprint is:
[   17.708305] cloud-init[920]: SHA256:GSd0Ac70ZLVwUKYAelrEgd8QflngnUS0QmsMl1+FXaw root@ubuntu-bionic
[   17.710668] cloud-init[920]: The key's randomart image is:
[   17.712680] cloud-init[920]: +---[RSA 2048]----+
[   17.714056] cloud-init[920]: |     o*+O*%==+.o.|
[   17.715385] cloud-init[920]: |    .+o@.% Bo.. .|
[   17.716892] cloud-init[920]: |    ..+o&.B..  . |
[   17.718132] cloud-init[920]: |     +.o.*.   E  |
[   17.719410] cloud-init[920]: |    .   S        |
[   17.720782] cloud-init[920]: |                 |
[   17.722132] cloud-init[920]: |                 |
[   17.723439] cloud-init[920]: |                 |
[   17.724942] cloud-init[920]: |                 |
[   17.726286] cloud-init[920]: +----[SHA256]-----+
[   17.727772] cloud-init[920]: Generating public/private dsa key pair.
[   17.729630] cloud-init[920]: Your identification has been saved in /etc/ssh/ssh_host_dsa_key.
[   17.732343] cloud-init[920]: Your public key has been saved in /etc/ssh/ssh_host_dsa_key.pub.
[   17.734843] cloud-init[920]: The key fingerprint is:
[   17.736726] cloud-init[920]: SHA256:fheVK/4fD8Hws+ntesbPdVh9UkdnlSf8X6O5RSwyBGM root@ubuntu-bionic
[   17.739413] cloud-init[920]: The key's randomart image is:
[   17.741190] cloud-init[920]: +---[DSA 1024]----+
[   17.742521] cloud-init[920]: |         E.  .  B|
[   17.743948] cloud-init[920]: |        . ..  o=o|
[   17.745329] cloud-init[920]: |          . . +o+|
[   17.746727] cloud-init[920]: |           o * *=|
[   17.748229] cloud-init[920]: |        S   = % B|
[   17.749647] cloud-init[920]: |       .   . = Xo|
[   17.751083] cloud-init[920]: |        . . o Boo|
[   17.752527] cloud-init[920]: |         . . + +O|
[   17.753840] cloud-init[920]: |              +*O|
[   17.755140] cloud-init[920]: +----[SHA256]-----+
[   17.756562] cloud-init[920]: Generating public/private ecdsa key pair.
[   17.758519] cloud-init[920]: Your identification has been saved in /etc/ssh/ssh_host_ecdsa_key.
[   17.761160] cloud-init[920]: Your public key has been saved in /etc/ssh/ssh_host_ecdsa_key.pub.
[   17.763552] cloud-init[920]: The key fingerprint is:
[   17.765004] cloud-init[920]: SHA256:vr/PsYRNjh1YrmembuMi4SxLEmfvQy1j+Pj0Z2P1Qek root@ubuntu-bionic
[   17.767328] cloud-init[920]: The key's randomart image is:
[   17.768853] cloud-init[920]: +---[ECDSA 256]---+
[   17.770201] cloud-init[920]: |                 |
[   17.771609] cloud-init[920]: |                 |
[   17.773089] cloud-init[920]: |            .  . |
[   17.774529] cloud-init[920]: |           +  o  |
[   17.775942] cloud-init[920]: |  . o. .S . +o   |
[   17.777454] cloud-init[920]: |   +..*..  O..E  |
[   17.778647] cloud-init[920]: |  . .Bo+. +.X. . |
[   17.779925] cloud-init[920]: |   ooo*...BB o.  |
[   17.781255] cloud-init[920]: |    .+oooX*=+    |
[   17.782563] cloud-init[920]: +----[SHA256]-----+
[   17.783969] cloud-init[920]: Generating public/private ed25519 key pair.
[   17.785919] cloud-init[920]: Your identification has been saved in /etc/ssh/ssh_host_ed25519_key.
[   17.788337] cloud-init[920]: Your public key has been saved in /etc/ssh/ssh_host_ed25519_key.pub.
[   17.790802] cloud-init[920]: The key fingerprint is:
[   17.792599] cloud-init[920]: SHA256:2Svl1LWxemHlkdt8IsSnVs4vJ4mpLyCQdfHMd40vHM0 root@ubuntu-bionic
[   17.795053] cloud-init[920]: The key's randomart image is:
[   17.796773] cloud-init[920]: +--[ED25519 256]--+
[   17.798074] cloud-init[920]: |        ..       |
[   17.799376] cloud-init[920]: |      . .+ .   =.|
[   17.800767] cloud-init[920]: |     o .  + + OoE|
[   17.802044] cloud-init[920]: |    o    o + X X+|
[   17.803498] cloud-init[920]: |     .  S + = @.*|
[   17.804863] cloud-init[920]: |      . .+ o * *.|
[   17.806076] cloud-init[920]: |       ...o + = o|
[   17.807324] cloud-init[920]: |         ... . + |
[   17.808673] cloud-init[920]: |          .o.    |
[   17.809922] cloud-init[920]: +----[SHA256]-----+
[[0;32m  OK  [0m] Started Initial cloud-init job (metadata service crawler).
[[0;32m  OK  [0m] Reached target Cloud-config availability.
[[0;32m  OK  [0m] Reached target System Initialization.
[[0;32m  OK  [0m] Started Ubuntu Advantage Timer for running repeated jobs.
[[0;32m  OK  [0m] Listening on cloud-init hotplug hook socket.
         Starting Socket activation for snappy daemon.
[[0;32m  OK  [0m] Listening on D-Bus System Message Bus Socket.
[[0;32m  OK  [0m] Started Message of the Day.
[[0;32m  OK  [0m] Started Discard unused blocks once a week.
[[0;32m  OK  [0m] Listening on UUID daemon activation socket.
[[0;32m  OK  [0m] Started ACPI Events Check.
[[0;32m  OK  [0m] Started Daily Cleanup of Temporary Directories.
[[0;32m  OK  [0m] Listening on ACPID Listen Socket.
[[0;32m  OK  [0m] Listening on Open-iSCSI iscsid Socket.
         Starting LXD - unix socket.
[[0;32m  OK  [0m] Reached target Paths.
[[0;32m  OK  [0m] Started Daily apt download activities.
[[0;32m  OK  [0m] Started Daily apt upgrade and clean activities.
[[0;32m  OK  [0m] Reached target Timers.
[[0;32m  OK  [0m] Reached target Network is Online.
[[0;32m  OK  [0m] Reached target Remote File Systems (Pre).
[[0;32m  OK  [0m] Reached target Remote File Systems.
         Starting Availability of block devices...
[[0;32m  OK  [0m] Listening on Socket activation for snappy daemon.
[[0;32m  OK  [0m] Listening on LXD - unix socket.
[[0;32m  OK  [0m] Started Availability of block devices.
[[0;32m  OK  [0m] Reached target Sockets.
[[0;32m  OK  [0m] Reached target Basic System.
         Starting Login Service...
         Starting Virtualbox guest utils...
[[0;32m  OK  [0m] Reached target Login Prompts (Pre).
         Starting LSB: automatic crash report generation...
         Starting Accounts Service...
         Starting LSB: Record successful boot for GRUB...
         Starting System Logging Service...
         Starting Dispatcher daemon for systemd-networkd...
         Starting Permit User Sessions...
[[0;32m  OK  [0m] Started Regular background program processing daemon.
[[0;32m  OK  [0m] Started irqbalance daemon.
         Starting LXD - container startup/shutdown...
[[0;32m  OK  [0m] Started Deferred execution scheduler.
[[0;32m  OK  [0m] Started FUSE filesystem for LXC.
         Starting Pollinate to seed the pseudo random number generator...
[[0;32m  OK  [0m] Started D-Bus System Message Bus.
[[0;32m  OK  [0m] Started Login Service.
[[0;32m  OK  [0m] Started Unattended Upgrades Shutdown.
         Starting Snap Daemon...
[[0;32m  OK  [0m] Started System Logging Service.
[[0;32m  OK  [0m] Started Permit User Sessions.
         Starting Authorization Manager...
         Starting Terminate Plymouth Boot Screen...
         Starting Hold until boot process finishes up...
[[0;32m  OK  [0m] Started Hold until boot process finishes up.
[[0;32m  OK  [0m] Started Terminate Plymouth Boot Screen.
[[0;32m  OK  [0m] Started Serial Getty on ttyS0.
         Starting Set console scheme...
[[0;32m  OK  [0m] Started Dispatcher daemon for systemd-networkd.
[[0;32m  OK  [0m] Started LSB: automatic crash report generation.
[[0;32m  OK  [0m] Started LXD - container startup/shutdown.
[[0;32m  OK  [0m] Started Set console scheme.
[[0;32m  OK  [0m] Created slice system-getty.slice.
[[0;32m  OK  [0m] Started Getty on tty1.
[[0;32m  OK  [0m] Reached target Login Prompts.
[[0;32m  OK  [0m] Started LSB: Record successful boot for GRUB.
[[0;32m  OK  [0m] Started Authorization Manager.
[[0;32m  OK  [0m] Started Accounts Service.
[[0;32m  OK  [0m] Started Virtualbox guest utils.
[[0;32m  OK  [0m] Started Snap Daemon.
         Starting Wait until snapd is fully seeded...
         Starting Time & Date Service...
[[0;32m  OK  [0m] Started Time & Date Service.
[[0;32m  OK  [0m] Started Pollinate to seed the pseudo random number generator.
         Starting OpenBSD Secure Shell server...
[[0;32m  OK  [0m] Started OpenBSD Secure Shell server.
[[0;32m  OK  [0m] Created slice User Slice of vagrant.
         Starting User Manager for UID 1000...
[[0;32m  OK  [0m] Started Session 1 of user vagrant.
[[0;32m  OK  [0m] Started User Manager for UID 1000.
[[0;32m  OK  [0m] Started Wait until snapd is fully seeded.
         Starting Apply the settings specified in cloud-config...
[   23.171018] cloud-init[1642]: Cloud-init v. 23.1.2-0ubuntu0~18.04.1 running 'modules:config' at Thu, 22 Aug 2024 09:19:33 +0000. Up 22.86 seconds.
[[0;32m  OK  [0m] Started Apply the settings specified in cloud-config.
[[0;32m  OK  [0m] Reached target Multi-User System.
[[0;32m  OK  [0m] Reached target Graphical Interface.
         Starting Execute cloud user/final scripts...
         Starting Update UTMP about System Runlevel Changes...
[[0;32m  OK  [0m] Started Update UTMP about System Runlevel Changes.
ci-info: no authorized SSH keys fingerprints found for user ubuntu.
<14>Aug 22 09:19:34 cloud-init: #############################################################
<14>Aug 22 09:19:34 cloud-init: -----BEGIN SSH HOST KEY FINGERPRINTS-----
<14>Aug 22 09:19:34 cloud-init: 1024 SHA256:fheVK/4fD8Hws+ntesbPdVh9UkdnlSf8X6O5RSwyBGM root@ubuntu-bionic (DSA)
<14>Aug 22 09:19:34 cloud-init: 256 SHA256:vr/PsYRNjh1YrmembuMi4SxLEmfvQy1j+Pj0Z2P1Qek root@ubuntu-bionic (ECDSA)
<14>Aug 22 09:19:34 cloud-init: 256 SHA256:2Svl1LWxemHlkdt8IsSnVs4vJ4mpLyCQdfHMd40vHM0 root@ubuntu-bionic (ED25519)
<14>Aug 22 09:19:34 cloud-init: 2048 SHA256:GSd0Ac70ZLVwUKYAelrEgd8QflngnUS0QmsMl1+FXaw root@ubuntu-bionic (RSA)
<14>Aug 22 09:19:34 cloud-init: -----END SSH HOST KEY FINGERPRINTS-----
<14>Aug 22 09:19:34 cloud-init: #############################################################
-----BEGIN SSH HOST KEY KEYS-----
ecdsa-sha2-nistp256 AAAAE2VjZHNhLXNoYTItbmlzdHAyNTYAAAAIbmlzdHAyNTYAAABBBMJGoNLoHmD19+0FYwNMqHjjYrSI+RZOi9l8lidvLHj7esGXFY3roXHagaUVRXrKjUXGFn71ZPU7G/FVS/pm8es= root@ubuntu-bionic
ssh-ed25519 AAAAC3NzaC1lZDI1NTE5AAAAICODBdQxgGzQWwI5+UfeQ5nby/WceQkTo+oPEFxVzIyp root@ubuntu-bionic
ssh-rsa AAAAB3NzaC1yc2EAAAADAQABAAABAQClBIreDkY1zZpVjz5NMVPjeFhYRNLgnyNKVBi994581s9oIEiF/stVxDndjqnKl0DoTkG0r4dp8f2eFhVG4Mi/FyHruoy7RmtUoUeIrmijcWnHmXoM1xchdgBS6jAldmKO0mimf605dSdzSoMhsetbRewPaRYL1mBDtPTSSTBlxg5B4A/IYfhiHcSX0LqD1BwFA6ymPFmublSilb6bN5xDfQqPFDRdB7mtq6cTOXHzUYMfYhCPtY9n4Wb/h7ZNWtT8e5uu6T03R/mlfnurxQUq4Dg+sQBv9UC2nf8UwyKzVsZa9BbYSRqzQJh0FnMi7JJ25xoRKMlCTLrJBbV9CGcH root@ubuntu-bionic
-----END SSH HOST KEY KEYS-----
[   23.768591] cloud-init[1748]: Cloud-init v. 23.1.2-0ubuntu0~18.04.1 running 'modules:final' at Thu, 22 Aug 2024 09:19:34 +0000. Up 23.60 seconds.
[   23.768880] cloud-init[1748]: Cloud-init v. 23.1.2-0ubuntu0~18.04.1 finished at Thu, 22 Aug 2024 09:19:34 +0000. Datasource DataSourceNoCloud [seed=/dev/sdb][dsmode=net].  Up 23.76 seconds

Ubuntu 18.04.6 LTS ubuntu-bionic ttyS0

ubuntu-bionic login: 